=== Outer Iteration 0 ===
iter, loss
0, 721.279975
1, 633.565492
2, 708.728492
=== Outer Iteration 10 ===
iter, loss
0, 12.028417
1, 10.748472
2, 9.969676
=== Outer Iteration 20 ===
iter, loss
0, 15.521750
1, 14.384893
2, 14.956544
=== Outer Iteration 30 ===
iter, loss
0, 5.986294
1, 5.942986
2, 5.901204
=== Outer Iteration 40 ===
iter, loss
0, 6.013080
1, 5.923172
2, 5.835380
=== Outer Iteration 50 ===
iter, loss
0, 7.629985
1, 7.935666
2, 7.410396
=== Outer Iteration 60 ===
iter, loss
0, 6.633174
1, 6.533586
2, 6.581026
=== Outer Iteration 70 ===
iter, loss
0, 7.838354
1, 7.712002
2, 7.720358
=== Outer Iteration 80 ===
iter, loss
0, 4.897928
1, 4.951740
2, 4.956496
=== Outer Iteration 90 ===
iter, loss
0, 5.064563
1, 5.189185
2, 4.982740
=== Outer Iteration 100 ===
iter, loss
0, 5.255751
1, 5.242479
2, 5.334287
=== Outer Iteration 110 ===
iter, loss
0, 4.854633
1, 4.912718
2, 4.792830
=== Outer Iteration 120 ===
iter, loss
0, 4.633721
1, 4.662748
2, 4.734205
=== Outer Iteration 130 ===
iter, loss
0, 4.868813
1, 4.588366
2, 4.831518
=== Outer Iteration 140 ===
iter, loss
0, 4.749212
1, 4.494660
2, 4.569531
=== Outer Iteration 150 ===
iter, loss
0, 4.954287
1, 4.615558
2, 4.850959
=== Outer Iteration 160 ===
iter, loss
0, 4.672201
1, 4.615866
2, 4.760406
=== Outer Iteration 170 ===
iter, loss
0, 4.858008
1, 4.793212
2, 4.860062
=== Outer Iteration 180 ===
iter, loss
0, 4.781139
1, 4.738010
2, 4.880456
=== Outer Iteration 190 ===
iter, loss
0, 4.624595
1, 4.733771
2, 4.591138
=== Outer Iteration 200 ===
iter, loss
0, 4.508139
1, 4.518672
2, 4.578276
=== Outer Iteration 210 ===
iter, loss
0, 4.672569
1, 4.563759
2, 4.585701
=== Outer Iteration 220 ===
iter, loss
0, 4.418711
1, 4.470720
2, 4.436460
=== Outer Iteration 230 ===
iter, loss
0, 4.724019
1, 4.780348
2, 4.707094
=== Outer Iteration 240 ===
iter, loss
0, 4.664291
1, 4.724771
2, 4.649804
=== Outer Iteration 250 ===
iter, loss
0, 4.466979
1, 4.467149
2, 4.439882
=== Outer Iteration 260 ===
iter, loss
0, 4.550574
1, 4.554208
2, 4.527439
=== Outer Iteration 270 ===
iter, loss
0, 4.478224
1, 4.493983
2, 4.506421
=== Outer Iteration 280 ===
iter, loss
0, 4.681021
1, 4.639903
2, 4.662384
=== Outer Iteration 290 ===
iter, loss
0, 4.334341
1, 4.340879
2, 4.334539
=== Outer Iteration 300 ===
iter, loss
0, 4.254936
1, 4.244645
2, 4.232114
=== Outer Iteration 310 ===
iter, loss
0, 4.384587
1, 4.407292
2, 4.415726
=== Outer Iteration 320 ===
iter, loss
0, 4.745024
1, 4.699179
2, 4.733707
=== Outer Iteration 330 ===
iter, loss
0, 4.680173
1, 4.698506
2, 4.654335
=== Outer Iteration 340 ===
iter, loss
0, 4.334537
1, 4.310005
2, 4.301634
=== Outer Iteration 350 ===
iter, loss
0, 4.392982
1, 4.399000
2, 4.398818
=== Outer Iteration 360 ===
iter, loss
0, 4.627834
1, 4.620863
2, 4.610300
=== Outer Iteration 370 ===
iter, loss
0, 4.319202
1, 4.343300
2, 4.316708
=== Outer Iteration 380 ===
iter, loss
0, 4.409562
1, 4.414177
2, 4.429234
=== Outer Iteration 390 ===
iter, loss
0, 4.439883
1, 4.443102
2, 4.411403
=== Outer Iteration 399 ===
iter, loss
0, 4.359152
1, 4.390100
2, 4.381163
