=== Outer Iteration 0 ===
iter, loss
0, 315.343635
1, 251.624181
2, 235.445923
=== Outer Iteration 10 ===
iter, loss
0, 53.096978
1, 54.190975
2, 56.888260
=== Outer Iteration 20 ===
iter, loss
0, 42.517782
1, 41.937183
2, 42.341011
=== Outer Iteration 30 ===
iter, loss
0, 35.130528
1, 34.705038
2, 35.362445
=== Outer Iteration 40 ===
iter, loss
0, 27.368788
1, 28.268884
2, 27.219328
=== Outer Iteration 50 ===
iter, loss
0, 21.379917
1, 20.913342
2, 21.376010
=== Outer Iteration 60 ===
iter, loss
0, 14.363163
1, 13.814793
2, 13.759042
=== Outer Iteration 70 ===
iter, loss
0, 8.140000
1, 8.099115
2, 8.244885
=== Outer Iteration 80 ===
iter, loss
0, 5.877458
1, 5.972427
2, 5.900282
=== Outer Iteration 90 ===
iter, loss
0, 4.787733
1, 4.815057
2, 4.901438
=== Outer Iteration 100 ===
iter, loss
0, 4.720443
1, 4.706289
2, 4.764079
=== Outer Iteration 110 ===
iter, loss
0, 4.335565
1, 4.321377
2, 4.266149
=== Outer Iteration 120 ===
iter, loss
0, 4.097731
1, 4.094335
2, 4.070114
=== Outer Iteration 130 ===
iter, loss
0, 3.979517
1, 3.943953
2, 3.949928
=== Outer Iteration 140 ===
iter, loss
0, 3.843247
1, 3.846538
2, 3.835834
=== Outer Iteration 150 ===
iter, loss
0, 3.844421
1, 3.865746
2, 3.847558
=== Outer Iteration 160 ===
iter, loss
0, 3.784979
1, 3.778424
2, 3.779311
=== Outer Iteration 170 ===
iter, loss
0, 3.740727
1, 3.785583
2, 3.744101
=== Outer Iteration 180 ===
iter, loss
0, 3.629627
1, 3.632389
2, 3.632144
=== Outer Iteration 190 ===
iter, loss
0, 3.766842
1, 3.742126
2, 3.762725
=== Outer Iteration 200 ===
iter, loss
0, 3.611641
1, 3.570074
2, 3.571957
=== Outer Iteration 210 ===
iter, loss
0, 3.633994
1, 3.627333
2, 3.624421
=== Outer Iteration 220 ===
iter, loss
0, 3.642410
1, 3.621161
2, 3.590296
=== Outer Iteration 230 ===
iter, loss
0, 3.560074
1, 3.567770
2, 3.566113
=== Outer Iteration 240 ===
iter, loss
0, 3.551773
1, 3.573991
2, 3.543958
=== Outer Iteration 250 ===
iter, loss
0, 3.508629
1, 3.478060
2, 3.477056
=== Outer Iteration 260 ===
iter, loss
0, 3.594253
1, 3.571659
2, 3.604415
=== Outer Iteration 270 ===
iter, loss
0, 3.453526
1, 3.470213
2, 3.482564
=== Outer Iteration 280 ===
iter, loss
0, 3.572157
1, 3.593372
2, 3.588513
=== Outer Iteration 290 ===
iter, loss
0, 3.471418
1, 3.473373
2, 3.468505
=== Outer Iteration 300 ===
iter, loss
0, 3.429608
1, 3.410055
2, 3.426600
=== Outer Iteration 310 ===
iter, loss
0, 3.416545
1, 3.409613
2, 3.405725
=== Outer Iteration 320 ===
iter, loss
0, 3.509489
1, 3.512799
2, 3.508172
=== Outer Iteration 330 ===
iter, loss
0, 3.501968
1, 3.489557
2, 3.497497
=== Outer Iteration 340 ===
iter, loss
0, 3.401005
1, 3.402804
2, 3.409623
=== Outer Iteration 350 ===
iter, loss
0, 3.455145
1, 3.456633
2, 3.435692
=== Outer Iteration 360 ===
iter, loss
0, 3.480826
1, 3.461283
2, 3.464272
=== Outer Iteration 370 ===
iter, loss
0, 3.417745
1, 3.401691
2, 3.411476
=== Outer Iteration 380 ===
iter, loss
0, 3.477210
1, 3.470323
2, 3.474472
=== Outer Iteration 390 ===
iter, loss
0, 3.420441
1, 3.417257
2, 3.402085
=== Outer Iteration 399 ===
iter, loss
0, 3.347324
1, 3.365698
2, 3.372447
