=== Outer Iteration 0 ===
iter, loss
0, 410.697369
1, 336.721322
2, 334.368093
=== Outer Iteration 10 ===
iter, loss
0, 8.717944
1, 8.354914
2, 7.926352
=== Outer Iteration 20 ===
iter, loss
0, 5.195341
1, 4.906265
2, 5.269210
=== Outer Iteration 30 ===
iter, loss
0, 5.425759
1, 5.399385
2, 5.363718
=== Outer Iteration 40 ===
iter, loss
0, 5.071439
1, 5.014166
2, 4.855599
=== Outer Iteration 50 ===
iter, loss
0, 5.331823
1, 5.348410
2, 5.156524
=== Outer Iteration 60 ===
iter, loss
0, 4.998154
1, 5.205265
2, 4.963746
=== Outer Iteration 70 ===
iter, loss
0, 4.898133
1, 4.867803
2, 4.986084
=== Outer Iteration 80 ===
iter, loss
0, 4.195713
1, 4.126471
2, 4.337071
=== Outer Iteration 90 ===
iter, loss
0, 4.187183
1, 4.129659
2, 4.325551
=== Outer Iteration 100 ===
iter, loss
0, 4.621091
1, 4.651572
2, 4.610290
=== Outer Iteration 110 ===
iter, loss
0, 4.137155
1, 4.144570
2, 4.101422
=== Outer Iteration 120 ===
iter, loss
0, 4.043037
1, 4.041869
2, 4.038007
=== Outer Iteration 130 ===
iter, loss
0, 4.007096
1, 4.003022
2, 4.015971
=== Outer Iteration 140 ===
iter, loss
0, 3.969644
1, 4.006670
2, 3.911925
=== Outer Iteration 150 ===
iter, loss
0, 4.238890
1, 4.118818
2, 4.353629
=== Outer Iteration 160 ===
iter, loss
0, 4.023201
1, 3.983410
2, 4.003111
=== Outer Iteration 170 ===
iter, loss
0, 4.073423
1, 4.097799
2, 4.102884
=== Outer Iteration 180 ===
iter, loss
0, 4.015000
1, 4.032671
2, 3.996170
=== Outer Iteration 190 ===
iter, loss
0, 3.971617
1, 3.975011
2, 3.955924
=== Outer Iteration 200 ===
iter, loss
0, 3.917428
1, 3.851129
2, 3.879265
=== Outer Iteration 210 ===
iter, loss
0, 3.934402
1, 3.934970
2, 3.937539
=== Outer Iteration 220 ===
iter, loss
0, 3.900695
1, 3.876074
2, 3.834478
=== Outer Iteration 230 ===
iter, loss
0, 3.948067
1, 4.027160
2, 4.046986
=== Outer Iteration 240 ===
iter, loss
0, 4.009984
1, 3.961428
2, 3.947431
=== Outer Iteration 250 ===
iter, loss
0, 3.779190
1, 3.775184
2, 3.754359
=== Outer Iteration 260 ===
iter, loss
0, 3.899887
1, 3.892044
2, 3.937681
=== Outer Iteration 270 ===
iter, loss
0, 3.818102
1, 3.816631
2, 3.836844
=== Outer Iteration 280 ===
iter, loss
0, 3.940897
1, 3.947085
2, 3.952000
=== Outer Iteration 290 ===
iter, loss
0, 3.770532
1, 3.742585
2, 3.743497
=== Outer Iteration 300 ===
iter, loss
0, 3.645243
1, 3.613839
2, 3.653057
=== Outer Iteration 310 ===
iter, loss
0, 3.725686
1, 3.731696
2, 3.727898
=== Outer Iteration 320 ===
iter, loss
0, 3.973712
1, 3.973890
2, 3.973292
=== Outer Iteration 330 ===
iter, loss
0, 3.937659
1, 3.922870
2, 3.941735
=== Outer Iteration 340 ===
iter, loss
0, 3.742525
1, 3.771095
2, 3.759371
=== Outer Iteration 350 ===
iter, loss
0, 3.834283
1, 3.813105
2, 3.789055
=== Outer Iteration 360 ===
iter, loss
0, 3.869043
1, 3.863798
2, 3.864221
=== Outer Iteration 370 ===
iter, loss
0, 3.755984
1, 3.749978
2, 3.775057
=== Outer Iteration 380 ===
iter, loss
0, 3.784970
1, 3.779206
2, 3.769620
=== Outer Iteration 390 ===
iter, loss
0, 3.778518
1, 3.792794
2, 3.763829
=== Outer Iteration 399 ===
iter, loss
0, 3.730363
1, 3.714195
2, 3.731101
