=== Outer Iteration 0 ===
iter, loss
0, 286.724911
1, 225.587218
2, 229.535059
=== Outer Iteration 10 ===
iter, loss
0, 5.881133
1, 5.220645
2, 5.054387
=== Outer Iteration 20 ===
iter, loss
0, 4.609591
1, 5.187373
2, 4.491925
=== Outer Iteration 30 ===
iter, loss
0, 4.314603
1, 4.260181
2, 4.318949
=== Outer Iteration 40 ===
iter, loss
0, 4.099094
1, 3.972597
2, 3.935460
=== Outer Iteration 50 ===
iter, loss
0, 4.761521
1, 4.308672
2, 4.703678
=== Outer Iteration 60 ===
iter, loss
0, 4.195225
1, 4.445044
2, 4.213450
=== Outer Iteration 70 ===
iter, loss
0, 4.385715
1, 4.205459
2, 4.304589
=== Outer Iteration 80 ===
iter, loss
0, 3.840457
1, 3.740202
2, 4.018962
=== Outer Iteration 90 ===
iter, loss
0, 3.794830
1, 3.623167
2, 3.977786
=== Outer Iteration 100 ===
iter, loss
0, 3.959956
1, 4.264352
2, 3.831886
=== Outer Iteration 110 ===
iter, loss
0, 3.703423
1, 3.603649
2, 3.691363
=== Outer Iteration 120 ===
iter, loss
0, 3.668139
1, 3.614977
2, 3.666178
=== Outer Iteration 130 ===
iter, loss
0, 3.541131
1, 3.532169
2, 3.529598
=== Outer Iteration 140 ===
iter, loss
0, 3.571190
1, 3.592230
2, 3.553188
=== Outer Iteration 150 ===
iter, loss
0, 3.619679
1, 3.637638
2, 3.673611
=== Outer Iteration 160 ===
iter, loss
0, 3.557248
1, 3.552123
2, 3.551345
=== Outer Iteration 170 ===
iter, loss
0, 3.588272
1, 3.570758
2, 3.577157
=== Outer Iteration 180 ===
iter, loss
0, 3.583033
1, 3.578839
2, 3.587985
=== Outer Iteration 190 ===
iter, loss
0, 3.555992
1, 3.571721
2, 3.564717
=== Outer Iteration 200 ===
iter, loss
0, 3.492906
1, 3.467234
2, 3.480706
=== Outer Iteration 210 ===
iter, loss
0, 3.464060
1, 3.455436
2, 3.474159
=== Outer Iteration 220 ===
iter, loss
0, 3.510398
1, 3.496727
2, 3.467479
=== Outer Iteration 230 ===
iter, loss
0, 3.430288
1, 3.493848
2, 3.486576
=== Outer Iteration 240 ===
iter, loss
0, 3.535212
1, 3.544343
2, 3.529572
=== Outer Iteration 250 ===
iter, loss
0, 3.452467
1, 3.401011
2, 3.397036
=== Outer Iteration 260 ===
iter, loss
0, 3.525894
1, 3.497216
2, 3.533905
=== Outer Iteration 270 ===
iter, loss
0, 3.488141
1, 3.497287
2, 3.508871
=== Outer Iteration 280 ===
iter, loss
0, 3.473897
1, 3.476563
2, 3.479788
=== Outer Iteration 290 ===
iter, loss
0, 3.410526
1, 3.402597
2, 3.403074
=== Outer Iteration 300 ===
iter, loss
0, 3.341605
1, 3.347172
2, 3.365944
=== Outer Iteration 310 ===
iter, loss
0, 3.365378
1, 3.355476
2, 3.353536
=== Outer Iteration 320 ===
iter, loss
0, 3.551763
1, 3.546854
2, 3.542537
=== Outer Iteration 330 ===
iter, loss
0, 3.703799
1, 3.693354
2, 3.701689
=== Outer Iteration 340 ===
iter, loss
0, 3.394479
1, 3.390883
2, 3.394829
=== Outer Iteration 350 ===
iter, loss
0, 3.450689
1, 3.456430
2, 3.426331
=== Outer Iteration 360 ===
iter, loss
0, 3.451182
1, 3.434633
2, 3.425260
=== Outer Iteration 370 ===
iter, loss
0, 3.438422
1, 3.437711
2, 3.453863
=== Outer Iteration 380 ===
iter, loss
0, 3.392988
1, 3.405763
2, 3.398377
=== Outer Iteration 390 ===
iter, loss
0, 3.395168
1, 3.397772
2, 3.377641
=== Outer Iteration 399 ===
iter, loss
0, 3.339428
1, 3.350100
2, 3.363572
