=== Outer Iteration 0 ===
iter, loss
0, 415.830038
1, 338.713187
2, 336.337948
=== Outer Iteration 10 ===
iter, loss
0, 7.465627
1, 7.310515
2, 7.151365
=== Outer Iteration 20 ===
iter, loss
0, 4.564921
1, 5.169272
2, 4.454606
=== Outer Iteration 30 ===
iter, loss
0, 5.155758
1, 4.959902
2, 5.278091
=== Outer Iteration 40 ===
iter, loss
0, 4.791849
1, 4.739930
2, 4.706910
=== Outer Iteration 50 ===
iter, loss
0, 5.038152
1, 4.958982
2, 4.779292
=== Outer Iteration 60 ===
iter, loss
0, 4.633627
1, 4.609508
2, 4.582177
=== Outer Iteration 70 ===
iter, loss
0, 4.688974
1, 4.380322
2, 4.655413
=== Outer Iteration 80 ===
iter, loss
0, 3.992968
1, 4.079638
2, 4.065972
=== Outer Iteration 90 ===
iter, loss
0, 4.053165
1, 3.988626
2, 4.169352
=== Outer Iteration 100 ===
iter, loss
0, 4.497608
1, 4.402842
2, 4.508747
=== Outer Iteration 110 ===
iter, loss
0, 3.982734
1, 3.972668
2, 3.925862
=== Outer Iteration 120 ===
iter, loss
0, 3.953495
1, 3.950603
2, 3.935605
=== Outer Iteration 130 ===
iter, loss
0, 3.911335
1, 3.893446
2, 3.921406
=== Outer Iteration 140 ===
iter, loss
0, 3.887970
1, 3.928524
2, 3.816210
=== Outer Iteration 150 ===
iter, loss
0, 4.216446
1, 4.020186
2, 4.391502
=== Outer Iteration 160 ===
iter, loss
0, 3.949783
1, 3.913346
2, 3.930697
=== Outer Iteration 170 ===
iter, loss
0, 3.936240
1, 3.951495
2, 3.947707
=== Outer Iteration 180 ===
iter, loss
0, 3.917086
1, 3.904013
2, 3.902715
=== Outer Iteration 190 ===
iter, loss
0, 3.878327
1, 3.874164
2, 3.844719
=== Outer Iteration 200 ===
iter, loss
0, 3.842332
1, 3.787619
2, 3.796982
=== Outer Iteration 210 ===
iter, loss
0, 3.822276
1, 3.820755
2, 3.808020
=== Outer Iteration 220 ===
iter, loss
0, 3.843221
1, 3.822385
2, 3.777326
=== Outer Iteration 230 ===
iter, loss
0, 3.831600
1, 3.952270
2, 3.930156
=== Outer Iteration 240 ===
iter, loss
0, 3.921100
1, 3.880437
2, 3.872251
=== Outer Iteration 250 ===
iter, loss
0, 3.707393
1, 3.713635
2, 3.700137
=== Outer Iteration 260 ===
iter, loss
0, 3.819859
1, 3.808214
2, 3.848012
=== Outer Iteration 270 ===
iter, loss
0, 3.756938
1, 3.754169
2, 3.767548
=== Outer Iteration 280 ===
iter, loss
0, 3.844060
1, 3.861443
2, 3.861822
=== Outer Iteration 290 ===
iter, loss
0, 3.729189
1, 3.697408
2, 3.701822
=== Outer Iteration 300 ===
iter, loss
0, 3.627567
1, 3.603895
2, 3.638063
=== Outer Iteration 310 ===
iter, loss
0, 3.663529
1, 3.666872
2, 3.663572
=== Outer Iteration 320 ===
iter, loss
0, 3.902617
1, 3.903168
2, 3.902735
=== Outer Iteration 330 ===
iter, loss
0, 3.884721
1, 3.875373
2, 3.888640
=== Outer Iteration 340 ===
iter, loss
0, 3.704647
1, 3.733880
2, 3.721277
=== Outer Iteration 350 ===
iter, loss
0, 3.768758
1, 3.748119
2, 3.722594
=== Outer Iteration 360 ===
iter, loss
0, 3.786549
1, 3.778722
2, 3.775778
=== Outer Iteration 370 ===
iter, loss
0, 3.725628
1, 3.738314
2, 3.761305
=== Outer Iteration 380 ===
iter, loss
0, 3.711387
1, 3.702579
2, 3.691910
=== Outer Iteration 390 ===
iter, loss
0, 3.694436
1, 3.704384
2, 3.677292
=== Outer Iteration 399 ===
iter, loss
0, 3.654416
1, 3.643176
2, 3.657355
